// Jest Snapshot v1, https://goo.gl/fbAQLP

exports[`check parsing 1`] = `
Object {
  "clean_string_parts": Array [
    "tracks/",
    ",",
    "",
  ],
  "states": Array [
    "artist",
    "track",
  ],
  "states_map": Array [
    Array [
      "artist",
      "artist",
    ],
    Array [
      "track",
      "track",
    ],
  ],
}
`;
