// Jest Snapshot v1, https://goo.gl/fbAQLP

exports[`compx-nests 1`] = `
Object {
  "all_desc_indie": Array [
    "DeepChild1.1",
  ],
  "all_indie": Array [
    "4",
  ],
  "all_list": Array [
    "2",
    "3",
  ],
  "nickname": "nikolay",
  "num": 629,
  "one_desc_list": "DeepChild1.0",
  "one_indie": "4",
  "one_list": "2",
}
`;
