// Jest Snapshot v1, https://goo.gl/fbAQLP

exports[`compx-nests 1`] = `
Object {
  "all_desc_indie": Array [
    "DeepChild1.1",
  ],
  "all_indie": Array [
    5,
  ],
  "all_list": Array [
    3,
    4,
  ],
  "nickname": "nikolay",
  "num": 629,
  "one_desc_list": "DeepChild1.0",
  "one_indie": 5,
  "one_list": 3,
}
`;
